Radek

dośćdane
dośdane
dośdanńe
